// Jest Snapshot v1, https://goo.gl/fbAQLP

exports[`correct deployment of the home page Country api components matches snapshot 1`] = `
Object {
  "asFragment": [Function],
  "baseElement": <body>
    <div>
      <div
        class="navBar"
      >
        <h2
          class="europeNav"
        >
           Europe 
        </h2>
        <img
          alt="config"
          class="iconSet"
          src="gear.png"
        />
      </div>
      <div
        class="home-page"
      >
        <div
          class="header"
          id="flex"
        >
          <div
            class="containerImgEuro"
          >
            <img
              alt="config"
              class="imgEurope"
              src="europe.png"
            />
          </div>
          <div
            class="containerForm"
          >
            <h1
              class="main-title"
            >
              EUROPE'S COUNTRY
            </h1>
            <div
              class="form-section"
              id="flex"
            >
              <form
                class="input-search"
              >
                <input
                  class="find-item"
                  placeholder="your europe country"
                  type="search"
                />
              </form>
              <img
                alt="microfon"
                class="icon"
                src="microfon.png"
              />
            </div>
          </div>
        </div>
        <div
          class="navCountries"
        >
          <h2
            class="h2countries"
          >
             Countries 
          </h2>
        </div>
        <div
          class="countriesgroup"
        />
        <div
          class="up"
        >
          <a
            class="up-arrow"
            href="navBar"
          >
            <button
              class="buttonArrow"
              type="button"
            >
              ðŸ”¼
            </button>
          </a>
        </div>
      </div>
    </div>
  </body>,
  "container": <div>
    <div
      class="navBar"
    >
      <h2
        class="europeNav"
      >
         Europe 
      </h2>
      <img
        alt="config"
        class="iconSet"
        src="gear.png"
      />
    </div>
    <div
      class="home-page"
    >
      <div
        class="header"
        id="flex"
      >
        <div
          class="containerImgEuro"
        >
          <img
            alt="config"
            class="imgEurope"
            src="europe.png"
          />
        </div>
        <div
          class="containerForm"
        >
          <h1
            class="main-title"
          >
            EUROPE'S COUNTRY
          </h1>
          <div
            class="form-section"
            id="flex"
          >
            <form
              class="input-search"
            >
              <input
                class="find-item"
                placeholder="your europe country"
                type="search"
              />
            </form>
            <img
              alt="microfon"
              class="icon"
              src="microfon.png"
            />
          </div>
        </div>
      </div>
      <div
        class="navCountries"
      >
        <h2
          class="h2countries"
        >
           Countries 
        </h2>
      </div>
      <div
        class="countriesgroup"
      />
      <div
        class="up"
      >
        <a
          class="up-arrow"
          href="navBar"
        >
          <button
            class="buttonArrow"
            type="button"
          >
            ðŸ”¼
          </button>
        </a>
      </div>
    </div>
  </div>,
  "debug": [Function],
  "findAllByAltText": [Function],
  "findAllByDisplayValue": [Function],
  "findAllByLabelText": [Function],
  "findAllByPlaceholderText": [Function],
  "findAllByRole": [Function],
  "findAllByTestId": [Function],
  "findAllByText": [Function],
  "findAllByTitle": [Function],
  "findByAltText": [Function],
  "findByDisplayValue": [Function],
  "findByLabelText": [Function],
  "findByPlaceholderText": [Function],
  "findByRole": [Function],
  "findByTestId": [Function],
  "findByText": [Function],
  "findByTitle": [Function],
  "getAllByAltText": [Function],
  "getAllByDisplayValue": [Function],
  "getAllByLabelText": [Function],
  "getAllByPlaceholderText": [Function],
  "getAllByRole": [Function],
  "getAllByTestId": [Function],
  "getAllByText": [Function],
  "getAllByTitle": [Function],
  "getByAltText": [Function],
  "getByDisplayValue": [Function],
  "getByLabelText": [Function],
  "getByPlaceholderText": [Function],
  "getByRole": [Function],
  "getByTestId": [Function],
  "getByText": [Function],
  "getByTitle": [Function],
  "queryAllByAltText": [Function],
  "queryAllByDisplayValue": [Function],
  "queryAllByLabelText": [Function],
  "queryAllByPlaceholderText": [Function],
  "queryAllByRole": [Function],
  "queryAllByTestId": [Function],
  "queryAllByText": [Function],
  "queryAllByTitle": [Function],
  "queryByAltText": [Function],
  "queryByDisplayValue": [Function],
  "queryByLabelText": [Function],
  "queryByPlaceholderText": [Function],
  "queryByRole": [Function],
  "queryByTestId": [Function],
  "queryByText": [Function],
  "queryByTitle": [Function],
  "rerender": [Function],
  "unmount": [Function],
}
`;
