// Jest Snapshot v1, https://goo.gl/fbAQLP

exports[`Test page deployment MapItem components matches snapshot 1`] = `
Object {
  "asFragment": [Function],
  "baseElement": <body>
    <div>
      <a
        class="text"
        href="/Specification/Ukraine"
      >
        <div
          class="card"
          id="flex"
        >
          <img
            alt="flag"
            class="flags"
            src="https://flagcdn.com/is.svg"
          />
          <div
            class="info"
          >
            <h2
              class="card-name"
            >
              Ukraine
            </h2>
            <p
              class="card-p"
            >
              Population:
               
              44134693
               
              habs
            </p>
          </div>
        </div>
      </a>
    </div>
  </body>,
  "container": <div>
    <a
      class="text"
      href="/Specification/Ukraine"
    >
      <div
        class="card"
        id="flex"
      >
        <img
          alt="flag"
          class="flags"
          src="https://flagcdn.com/is.svg"
        />
        <div
          class="info"
        >
          <h2
            class="card-name"
          >
            Ukraine
          </h2>
          <p
            class="card-p"
          >
            Population:
             
            44134693
             
            habs
          </p>
        </div>
      </div>
    </a>
  </div>,
  "debug": [Function],
  "findAllByAltText": [Function],
  "findAllByDisplayValue": [Function],
  "findAllByLabelText": [Function],
  "findAllByPlaceholderText": [Function],
  "findAllByRole": [Function],
  "findAllByTestId": [Function],
  "findAllByText": [Function],
  "findAllByTitle": [Function],
  "findByAltText": [Function],
  "findByDisplayValue": [Function],
  "findByLabelText": [Function],
  "findByPlaceholderText": [Function],
  "findByRole": [Function],
  "findByTestId": [Function],
  "findByText": [Function],
  "findByTitle": [Function],
  "getAllByAltText": [Function],
  "getAllByDisplayValue": [Function],
  "getAllByLabelText": [Function],
  "getAllByPlaceholderText": [Function],
  "getAllByRole": [Function],
  "getAllByTestId": [Function],
  "getAllByText": [Function],
  "getAllByTitle": [Function],
  "getByAltText": [Function],
  "getByDisplayValue": [Function],
  "getByLabelText": [Function],
  "getByPlaceholderText": [Function],
  "getByRole": [Function],
  "getByTestId": [Function],
  "getByText": [Function],
  "getByTitle": [Function],
  "queryAllByAltText": [Function],
  "queryAllByDisplayValue": [Function],
  "queryAllByLabelText": [Function],
  "queryAllByPlaceholderText": [Function],
  "queryAllByRole": [Function],
  "queryAllByTestId": [Function],
  "queryAllByText": [Function],
  "queryAllByTitle": [Function],
  "queryByAltText": [Function],
  "queryByDisplayValue": [Function],
  "queryByLabelText": [Function],
  "queryByPlaceholderText": [Function],
  "queryByRole": [Function],
  "queryByTestId": [Function],
  "queryByText": [Function],
  "queryByTitle": [Function],
  "rerender": [Function],
  "unmount": [Function],
}
`;
